---
source: test_helper/src/test_helper.rs
expression: result
---
Ok(
    TupleStruct(
        "FPoREowVSC0CjkC",
        false,
    ),
)
