---
source: test_helper/src/test_helper.rs
expression: result
---
Ok(
    RenamedUnit,
)
