---
source: test_helper/src/test_helper.rs
expression: result
---
Ok(
    Struct {
        foo: 1566241236,
        bar: false,
    },
)
