---
source: test_helper/src/test_helper.rs
expression: result
---
Ok(
    NormalStruct {
        foo: "fvsTNa45C",
        bar: false,
    },
)
