---
source: test_helper/src/test_helper.rs
expression: result
---
Ok(
    DenyUnknownFields {
        foo: "3nrBBXVgrpwpQ9tDK8",
        bar: false,
    },
)
