---
source: test_helper/src/test_helper.rs
expression: result
---
Ok(
    Struct {
        foo: -1133362929,
        bar: true,
    },
)
