---
source: test_helper/src/test_helper.rs
expression: result
---
Ok(
    RenamedFields {
        camel_case: -1608793701,
        old_name: -663097910,
    },
)
